<?xml version="1.0" encoding="utf-8"?><testsuites><testsuite name="pytest" errors="0" failures="0" skipped="0" tests="74" time="62.311" timestamp="2025-12-22T11:04:43.201079+01:00" hostname="macbookpro"><testcase classname="tests.test_achievements.TestAchievements" name="test_first_hatch_achievement" time="0.001" /><testcase classname="tests.test_achievements.TestAchievements" name="test_week_warrior_achievement" time="0.002" /><testcase classname="tests.test_achievements.TestAchievements" name="test_week_warrior_not_unlocked" time="0.005" /><testcase classname="tests.test_achievements.TestAchievements" name="test_diamond_hands_achievement" time="0.001" /><testcase classname="tests.test_achievements.TestAchievements" name="test_century_club_achievement" time="0.000" /><testcase classname="tests.test_achievements.TestAchievements" name="test_mutation_achievements" time="0.001" /><testcase classname="tests.test_achievements.TestAchievements" name="test_rarity_achievements" time="0.001" /><testcase classname="tests.test_achievements.TestAchievements" name="test_social_achievements" time="0.001" /><testcase classname="tests.test_achievements.TestAchievements" name="test_generation_achievements" time="0.001" /><testcase classname="tests.test_achievements.TestAchievements" name="test_trait_achievements" time="0.001" /><testcase classname="tests.test_achievements.TestAchievements" name="test_leaderboard_achievements" time="0.001" /><testcase classname="tests.test_achievements.TestAchievementProgress" name="test_progress_calculation" time="0.000" /><testcase classname="tests.test_achievements.TestAchievementProgress" name="test_progress_by_category" time="0.000" /><testcase classname="tests.test_achievements.TestAchievementPersistence" name="test_save_achievements" time="0.001" /><testcase classname="tests.test_achievements.TestAchievementPersistence" name="test_load_achievements" time="0.002" /><testcase classname="tests.test_achievements.TestAchievementPersistence" name="test_load_nonexistent_achievements" time="0.001" /><testcase classname="tests.test_achievements.TestAchievementDisplay" name="test_format_empty_achievements" time="0.000" /><testcase classname="tests.test_achievements.TestAchievementDisplay" name="test_format_with_achievements" time="0.000" /><testcase classname="tests.test_e2e_fork.TestForkMonkeyE2E" name="test_repo_created_successfully" time="20.010" /><testcase classname="tests.test_e2e_fork.TestForkMonkeyE2E" name="test_workflow_triggered" time="0.817" /><testcase classname="tests.test_e2e_fork.TestForkMonkeyE2E" name="test_workflow_completes" time="32.454" /><testcase classname="tests.test_e2e_fork.TestForkMonkeyE2E" name="test_monkey_initialized" time="7.026" /><testcase classname="tests.test_e2e_fork.TestForkMonkeyE2E" name="test_readme_updated" time="1.239" /><testcase classname="tests.test_genetics.TestGeneticsEngine" name="test_generate_random_dna" time="0.002" /><testcase classname="tests.test_genetics.TestGeneticsEngine" name="test_dna_hash_uniqueness" time="0.001" /><testcase classname="tests.test_genetics.TestGeneticsEngine" name="test_rarity_distribution" time="0.063" /><testcase classname="tests.test_genetics.TestGeneticsEngine" name="test_breed" time="0.001" /><testcase classname="tests.test_genetics.TestGeneticsEngine" name="test_evolve" time="0.001" /><testcase classname="tests.test_genetics.TestGeneticsEngine" name="test_rarity_score" time="0.000" /><testcase classname="tests.test_genetics.TestGeneticsEngine" name="test_serialization" time="0.000" /><testcase classname="tests.test_genetics.TestTrait" name="test_trait_creation" time="0.000" /><testcase classname="tests.test_genetics.TestTrait" name="test_gene_sequence_generation" time="0.000" /><testcase classname="tests.test_genetics.TestTrait" name="test_same_trait_same_sequence" time="0.000" /><testcase classname="tests.test_genetics.TestMonkeyDNA" name="test_dna_creation" time="0.000" /><testcase classname="tests.test_genetics.TestMonkeyDNA" name="test_dna_hash_calculation" time="0.000" /><testcase classname="tests.test_genetics.TestGenLockedTraits" name="test_get_gen_locked_traits_gen1" time="0.000" /><testcase classname="tests.test_genetics.TestGenLockedTraits" name="test_get_gen_locked_traits_gen5" time="0.000" /><testcase classname="tests.test_genetics.TestGenLockedTraits" name="test_get_gen_locked_traits_gen20" time="0.000" /><testcase classname="tests.test_genetics.TestGenLockedTraits" name="test_gen_locked_traits_are_legendary" time="0.026" /><testcase classname="tests.test_genetics.TestGenLockedTraits" name="test_breed_respects_gen_locked" time="0.000" /><testcase classname="tests.test_genetics.TestGenLockedTraits" name="test_category_without_gen_locked" time="0.000" /><testcase classname="tests.test_scan_community.TestGetDegreeLabel" name="test_root_degree" time="0.000" /><testcase classname="tests.test_scan_community.TestGetDegreeLabel" name="test_first_degree" time="0.000" /><testcase classname="tests.test_scan_community.TestGetDegreeLabel" name="test_second_degree" time="0.000" /><testcase classname="tests.test_scan_community.TestGetDegreeLabel" name="test_third_degree" time="0.000" /><testcase classname="tests.test_scan_community.TestGetDegreeLabel" name="test_higher_degree" time="0.000" /><testcase classname="tests.test_scan_community.TestCollectRepos" name="test_collect_root_only" time="0.001" /><testcase classname="tests.test_scan_community.TestCollectRepos" name="test_collect_first_degree_forks" time="0.002" /><testcase classname="tests.test_scan_community.TestCollectRepos" name="test_collect_nested_forks_depth_2" time="0.003" /><testcase classname="tests.test_scan_community.TestCollectRepos" name="test_collect_nested_forks_depth_3" time="0.003" /><testcase classname="tests.test_scan_community.TestCollectRepos" name="test_max_depth_limit" time="0.003" /><testcase classname="tests.test_scan_community.TestCollectRepos" name="test_max_total_limit" time="0.003" /><testcase classname="tests.test_scan_community.TestCollectRepos" name="test_no_duplicate_repos" time="0.001" /><testcase classname="tests.test_scan_community.TestScanRepo" name="test_scan_repo_with_degree" time="0.001" /><testcase classname="tests.test_scan_community.TestScanRepo" name="test_scan_repo_default_degree" time="0.001" /><testcase classname="tests.test_scan_community.TestScanRepo" name="test_scan_repo_no_monkey_data" time="0.001" /><testcase classname="tests.test_scan_community.TestGenerators" name="test_generate_leaderboard_includes_degree" time="0.005" /><testcase classname="tests.test_scan_community.TestGenerators" name="test_generate_family_tree_includes_degree" time="0.005" /><testcase classname="tests.test_storage.TestMonkeyStorage" name="test_save_and_load_dna" time="0.002" /><testcase classname="tests.test_storage.TestMonkeyStorage" name="test_load_nonexistent_dna" time="0.001" /><testcase classname="tests.test_storage.TestMonkeyStorage" name="test_save_stats" time="0.001" /><testcase classname="tests.test_storage.TestMonkeyStorage" name="test_save_history_entry" time="0.002" /><testcase classname="tests.test_storage.TestMonkeyStorage" name="test_multiple_history_entries" time="0.003" /><testcase classname="tests.test_storage.TestMonkeyStorage" name="test_get_empty_history" time="0.001" /><testcase classname="tests.test_storage.TestStreakSystem" name="test_first_streak" time="0.002" /><testcase classname="tests.test_storage.TestStreakSystem" name="test_streak_same_day_no_increment" time="0.002" /><testcase classname="tests.test_storage.TestStreakSystem" name="test_get_streak_empty" time="0.001" /><testcase classname="tests.test_storage.TestStreakSystem" name="test_streak_persists" time="0.001" /><testcase classname="tests.test_visualizer.TestMonkeyVisualizer" name="test_generate_svg" time="0.000" /><testcase classname="tests.test_visualizer.TestMonkeyVisualizer" name="test_svg_contains_elements" time="0.000" /><testcase classname="tests.test_visualizer.TestMonkeyVisualizer" name="test_thumbnail_generation" time="0.000" /><testcase classname="tests.test_visualizer.TestMonkeyVisualizer" name="test_different_dna_different_svg" time="0.001" /><testcase classname="tests.test_visualizer.TestMonkeyVisualizer" name="test_color_mapping" time="0.000" /><testcase classname="tests.test_visualizer.TestMonkeyVisualizer" name="test_svg_valid_structure" time="0.000" /></testsuite></testsuites>